// Jest Snapshot v1, https://goo.gl/fbAQLP

exports[`<Page /> SHOULD match snapshot 1`] = `
<DocumentFragment>
  <div
    class="root"
  />
</DocumentFragment>
`;
